START: current position = 0 deg.
P SET Kp=10.0000, Ki=0.0000, Kd=0.0000, speed_limit_deg_s=max, angle_deg=90.000
Run timeout [s]: 60.0
target_deg:0.000        position_deg:0.000      error_deg:0.000 p_deg_s:0.000   i_deg_s:0.000   d_deg_s:0.000   pid_deg_s:0.000 speed_deg_s:0.000       u_deg_s:0.000   v_limit_deg_s:-1.000  dt_ms:10.000     kp:10.0000      ki:0.0000       kd:0.0000       t_s:0.100
target_deg:0.000        position_deg:-0.088     error_deg:0.088 p_deg_s:0.000   i_deg_s:0.000   d_deg_s:0.000   pid_deg_s:0.000 speed_deg_s:0.000       u_deg_s:0.000   v_limit_deg_s:-1.000  dt_ms:10.001     kp:10.0000      ki:0.0000       kd:0.0000       t_s:0.200
target_deg:0.000        position_deg:0.000      error_deg:0.000 p_deg_s:0.000   i_deg_s:0.000   d_deg_s:0.000   pid_deg_s:0.000 speed_deg_s:0.000       u_deg_s:0.000   v_limit_deg_s:-1.000  dt_ms:10.000     kp:10.0000      ki:0.0000       kd:0.0000       t_s:0.300
target_deg:0.000        position_deg:0.000      error_deg:0.000 p_deg_s:0.000   i_deg_s:0.000   d_deg_s:0.000   pid_deg_s:0.000 speed_deg_s:0.000       u_deg_s:0.000   v_limit_deg_s:-1.000  dt_ms:10.001     kp:10.0000      ki:0.0000       kd:0.0000       t_s:0.400
target_deg:0.000        position_deg:-0.088     error_deg:0.088 p_deg_s:0.000   i_deg_s:0.000   d_deg_s:0.000   pid_deg_s:0.000 speed_deg_s:0.000       u_deg_s:0.000   v_limit_deg_s:-1.000  dt_ms:10.000     kp:10.0000      ki:0.0000       kd:0.0000       t_s:0.500
target_deg:0.000        position_deg:0.000      error_deg:0.000 p_deg_s:0.000   i_deg_s:0.000   d_deg_s:0.000   pid_deg_s:0.000 speed_deg_s:0.000       u_deg_s:0.000   v_limit_deg_s:-1.000  dt_ms:10.000     kp:10.0000      ki:0.0000       kd:0.0000       t_s:0.600
target_deg:0.000        position_deg:0.000      error_deg:0.000 p_deg_s:0.000   i_deg_s:0.000   d_deg_s:0.000   pid_deg_s:0.000 speed_deg_s:0.000       u_deg_s:0.000   v_limit_deg_s:-1.000  dt_ms:10.001     kp:10.0000      ki:0.0000       kd:0.0000       t_s:0.700
target_deg:0.000        position_deg:0.000      error_deg:0.000 p_deg_s:0.000   i_deg_s:0.000   d_deg_s:0.000   pid_deg_s:0.000 speed_deg_s:0.000       u_deg_s:0.000   v_limit_deg_s:-1.000  dt_ms:10.000     kp:10.0000      ki:0.0000       kd:0.0000       t_s:0.800
target_deg:0.000        position_deg:-0.088     error_deg:0.088 p_deg_s:0.000   i_deg_s:0.000   d_deg_s:0.000   pid_deg_s:0.000 speed_deg_s:0.000       u_deg_s:0.000   v_limit_deg_s:-1.000  dt_ms:10.000     kp:10.0000      ki:0.0000       kd:0.0000       t_s:0.900
target_deg:0.000        position_deg:-0.088     error_deg:0.088 p_deg_s:0.000   i_deg_s:0.000   d_deg_s:0.000   pid_deg_s:0.000 speed_deg_s:0.000       u_deg_s:0.000   v_limit_deg_s:-1.000  dt_ms:10.000     kp:10.0000      ki:0.0000       kd:0.0000       t_s:1.000
target_deg:0.000        position_deg:0.000      error_deg:0.000 p_deg_s:0.000   i_deg_s:0.000   d_deg_s:0.000   pid_deg_s:0.000 speed_deg_s:0.000       u_deg_s:0.000   v_limit_deg_s:-1.000  dt_ms:10.000     kp:10.0000      ki:0.0000       kd:0.0000       t_s:1.100
target_deg:0.000        position_deg:0.000      error_deg:0.000 p_deg_s:0.000   i_deg_s:0.000   d_deg_s:0.000   pid_deg_s:0.000 speed_deg_s:0.000       u_deg_s:0.000   v_limit_deg_s:-1.000  dt_ms:10.001     kp:10.0000      ki:0.0000       kd:0.0000       t_s:1.200
target_deg:0.000        position_deg:0.000      error_deg:0.000 p_deg_s:0.000   i_deg_s:0.000   d_deg_s:0.000   pid_deg_s:0.000 speed_deg_s:0.000       u_deg_s:0.000   v_limit_deg_s:-1.000  dt_ms:10.000     kp:10.0000      ki:0.0000       kd:0.0000       t_s:1.300
target_deg:0.000        position_deg:0.000      error_deg:0.000 p_deg_s:0.000   i_deg_s:0.000   d_deg_s:0.000   pid_deg_s:0.000 speed_deg_s:0.000       u_deg_s:0.000   v_limit_deg_s:-1.000  dt_ms:10.000     kp:10.0000      ki:0.0000       kd:0.0000       t_s:1.400
target_deg:0.000        position_deg:-0.088     error_deg:0.088 p_deg_s:0.000   i_deg_s:0.000   d_deg_s:0.000   pid_deg_s:0.000 speed_deg_s:0.000       u_deg_s:0.000   v_limit_deg_s:-1.000  dt_ms:10.000     kp:10.0000      ki:0.0000       kd:0.0000       t_s:1.500
target_deg:0.000        position_deg:-0.088     error_deg:0.088 p_deg_s:0.000   i_deg_s:0.000   d_deg_s:0.000   pid_deg_s:0.000 speed_deg_s:0.000       u_deg_s:0.000   v_limit_deg_s:-1.000  dt_ms:10.000     kp:10.0000      ki:0.0000       kd:0.0000       t_s:1.600
target_deg:0.000        position_deg:-0.088     error_deg:0.088 p_deg_s:0.000   i_deg_s:0.000   d_deg_s:0.000   pid_deg_s:0.000 speed_deg_s:0.000       u_deg_s:0.000   v_limit_deg_s:-1.000  dt_ms:10.001     kp:10.0000      ki:0.0000       kd:0.0000       t_s:1.700
target_deg:0.000        position_deg:-0.088     error_deg:0.088 p_deg_s:0.000   i_deg_s:0.000   d_deg_s:0.000   pid_deg_s:0.000 speed_deg_s:0.000       u_deg_s:0.000   v_limit_deg_s:-1.000  dt_ms:10.000     kp:10.0000      ki:0.0000       kd:0.0000       t_s:1.800
target_deg:0.000        position_deg:0.000      error_deg:0.000 p_deg_s:0.000   i_deg_s:0.000   d_deg_s:0.000   pid_deg_s:0.000 speed_deg_s:0.000       u_deg_s:0.000   v_limit_deg_s:-1.000  dt_ms:10.000     kp:10.0000      ki:0.0000       kd:0.0000       t_s:1.900
target_deg:90.000       position_deg:-0.088     error_deg:90.088        p_deg_s:900.879 i_deg_s:0.000   d_deg_s:0.000   pid_deg_s:900.879       speed_deg_s:0.000       u_deg_s:453.420 v_limit_deg_s:-1.000   dt_ms:10.000    kp:10.0000      ki:0.0000       kd:0.0000       t_s:2.000
target_deg:90.000       position_deg:30.674     error_deg:59.326        p_deg_s:593.262 i_deg_s:0.000   d_deg_s:0.000   pid_deg_s:593.262       speed_deg_s:379.224     u_deg_s:453.420 v_limit_deg_s:-1.000   dt_ms:10.000    kp:10.0000      ki:0.0000       kd:0.0000       t_s:2.100
target_deg:90.000       position_deg:72.070     error_deg:17.930        p_deg_s:179.297 i_deg_s:0.000   d_deg_s:0.000   pid_deg_s:179.297       speed_deg_s:399.834     u_deg_s:178.620 v_limit_deg_s:-1.000   dt_ms:10.001    kp:10.0000      ki:0.0000       kd:0.0000       t_s:2.200
target_deg:90.000       position_deg:88.682     error_deg:1.318 p_deg_s:13.184  i_deg_s:0.000   d_deg_s:0.000   pid_deg_s:13.184        speed_deg_s:123.660     u_deg_s:13.740  v_limit_deg_s:-1.000   dt_ms:10.000    kp:10.0000      ki:0.0000       kd:0.0000       t_s:2.300
target_deg:90.000       position_deg:90.703     error_deg:-0.703        p_deg_s:-7.031  i_deg_s:0.000   d_deg_s:0.000   pid_deg_s:-7.031        speed_deg_s:6.870       u_deg_s:-6.870  v_limit_deg_s:-1.000   dt_ms:10.001    kp:10.0000      ki:0.0000       kd:0.0000       t_s:2.400
target_deg:90.000       position_deg:90.264     error_deg:-0.264        p_deg_s:-2.637  i_deg_s:0.000   d_deg_s:0.000   pid_deg_s:-2.637        speed_deg_s:-5.496      u_deg_s:-2.748  v_limit_deg_s:-1.000   dt_ms:10.000    kp:10.0000      ki:0.0000       kd:0.0000       t_s:2.500
target_deg:90.000       position_deg:90.088     error_deg:-0.088        p_deg_s:0.000   i_deg_s:0.000   d_deg_s:0.000   pid_deg_s:0.000 speed_deg_s:0.000       u_deg_s:0.000   v_limit_deg_s:-1.000   dt_ms:10.001    kp:10.0000      ki:0.0000       kd:0.0000       t_s:2.600
target_deg:90.000       position_deg:90.088     error_deg:-0.088        p_deg_s:0.000   i_deg_s:0.000   d_deg_s:0.000   pid_deg_s:0.000 speed_deg_s:0.000       u_deg_s:0.000   v_limit_deg_s:-1.000   dt_ms:10.000    kp:10.0000      ki:0.0000       kd:0.0000       t_s:2.700
target_deg:90.000       position_deg:90.088     error_deg:-0.088        p_deg_s:0.000   i_deg_s:0.000   d_deg_s:0.000   pid_deg_s:0.000 speed_deg_s:0.000       u_deg_s:0.000   v_limit_deg_s:-1.000   dt_ms:10.000    kp:10.0000      ki:0.0000       kd:0.0000       t_s:2.800
target_deg:90.000       position_deg:90.088     error_deg:-0.088        p_deg_s:0.000   i_deg_s:0.000   d_deg_s:0.000   pid_deg_s:0.000 speed_deg_s:0.000       u_deg_s:0.000   v_limit_deg_s:-1.000   dt_ms:10.000    kp:10.0000      ki:0.0000       kd:0.0000       t_s:2.900
target_deg:90.000       position_deg:90.176     error_deg:-0.176        p_deg_s:0.000   i_deg_s:0.000   d_deg_s:0.000   pid_deg_s:0.000 speed_deg_s:0.000       u_deg_s:0.000   v_limit_deg_s:-1.000   dt_ms:10.000    kp:10.0000      ki:0.0000       kd:0.0000       t_s:3.000
target_deg:90.000       position_deg:90.088     error_deg:-0.088        p_deg_s:0.000   i_deg_s:0.000   d_deg_s:0.000   pid_deg_s:0.000 speed_deg_s:0.000       u_deg_s:0.000   v_limit_deg_s:-1.000   dt_ms:10.001    kp:10.0000      ki:0.0000       kd:0.0000       t_s:3.100
target_deg:90.000       position_deg:90.176     error_deg:-0.176        p_deg_s:0.000   i_deg_s:0.000   d_deg_s:0.000   pid_deg_s:0.000 speed_deg_s:0.000       u_deg_s:0.000   v_limit_deg_s:-1.000   dt_ms:10.001    kp:10.0000      ki:0.0000       kd:0.0000       t_s:3.200
target_deg:90.000       position_deg:90.088     error_deg:-0.088        p_deg_s:0.000   i_deg_s:0.000   d_deg_s:0.000   pid_deg_s:0.000 speed_deg_s:0.000       u_deg_s:0.000   v_limit_deg_s:-1.000   dt_ms:10.000    kp:10.0000      ki:0.0000       kd:0.0000       t_s:3.300
target_deg:90.000       position_deg:90.088     error_deg:-0.088        p_deg_s:0.000   i_deg_s:0.000   d_deg_s:0.000   pid_deg_s:0.000 speed_deg_s:0.000       u_deg_s:0.000   v_limit_deg_s:-1.000   dt_ms:10.000    kp:10.0000      ki:0.0000       kd:0.0000       t_s:3.400
target_deg:90.000       position_deg:90.176     error_deg:-0.176        p_deg_s:0.000   i_deg_s:0.000   d_deg_s:0.000   pid_deg_s:0.000 speed_deg_s:0.000       u_deg_s:0.000   v_limit_deg_s:-1.000   dt_ms:10.000    kp:10.0000      ki:0.0000       kd:0.0000       t_s:3.500
target_deg:90.000       position_deg:90.088     error_deg:-0.088        p_deg_s:0.000   i_deg_s:0.000   d_deg_s:0.000   pid_deg_s:0.000 speed_deg_s:0.000       u_deg_s:0.000   v_limit_deg_s:-1.000   dt_ms:10.000    kp:10.0000      ki:0.0000       kd:0.0000       t_s:3.600
target_deg:90.000       position_deg:90.088     error_deg:-0.088        p_deg_s:0.000   i_deg_s:0.000   d_deg_s:0.000   pid_deg_s:0.000 speed_deg_s:0.000       u_deg_s:0.000   v_limit_deg_s:-1.000   dt_ms:10.001    kp:10.0000      ki:0.0000       kd:0.0000       t_s:3.700
target_deg:90.000       position_deg:90.176     error_deg:-0.176        p_deg_s:0.000   i_deg_s:0.000   d_deg_s:0.000   pid_deg_s:0.000 speed_deg_s:0.000       u_deg_s:0.000   v_limit_deg_s:-1.000   dt_ms:10.000    kp:10.0000      ki:0.0000       kd:0.0000       t_s:3.800
target_deg:90.000       position_deg:90.088     error_deg:-0.088        p_deg_s:0.000   i_deg_s:0.000   d_deg_s:0.000   pid_deg_s:0.000 speed_deg_s:0.000       u_deg_s:0.000   v_limit_deg_s:-1.000   dt_ms:10.001    kp:10.0000      ki:0.0000       kd:0.0000       t_s:3.900
target_deg:90.000       position_deg:90.176     error_deg:-0.176        p_deg_s:0.000   i_deg_s:0.000   d_deg_s:0.000   pid_deg_s:0.000 speed_deg_s:0.000       u_deg_s:0.000   v_limit_deg_s:-1.000   dt_ms:10.000    kp:10.0000      ki:0.0000       kd:0.0000       t_s:4.000
target_deg:90.000       position_deg:90.088     error_deg:-0.088        p_deg_s:0.000   i_deg_s:0.000   d_deg_s:0.000   pid_deg_s:0.000 speed_deg_s:0.000       u_deg_s:0.000   v_limit_deg_s:-1.000   dt_ms:10.001    kp:10.0000      ki:0.0000       kd:0.0000       t_s:4.100
target_deg:90.000       position_deg:90.176     error_deg:-0.176        p_deg_s:0.000   i_deg_s:0.000   d_deg_s:0.000   pid_deg_s:0.000 speed_deg_s:0.000       u_deg_s:0.000   v_limit_deg_s:-1.000   dt_ms:10.000    kp:10.0000      ki:0.0000       kd:0.0000       t_s:4.200
target_deg:90.000       position_deg:90.088     error_deg:-0.088        p_deg_s:0.000   i_deg_s:0.000   d_deg_s:0.000   pid_deg_s:0.000 speed_deg_s:0.000       u_deg_s:0.000   v_limit_deg_s:-1.000   dt_ms:10.000    kp:10.0000      ki:0.0000       kd:0.0000       t_s:4.300
target_deg:90.000       position_deg:90.088     error_deg:-0.088        p_deg_s:0.000   i_deg_s:0.000   d_deg_s:0.000   pid_deg_s:0.000 speed_deg_s:0.000       u_deg_s:0.000   v_limit_deg_s:-1.000   dt_ms:10.001    kp:10.0000      ki:0.0000       kd:0.0000       t_s:4.400
target_deg:90.000       position_deg:90.176     error_deg:-0.176        p_deg_s:0.000   i_deg_s:0.000   d_deg_s:0.000   pid_deg_s:0.000 speed_deg_s:0.000       u_deg_s:0.000   v_limit_deg_s:-1.000   dt_ms:10.000    kp:10.0000      ki:0.0000       kd:0.0000       t_s:4.500
target_deg:90.000       position_deg:90.088     error_deg:-0.088        p_deg_s:0.000   i_deg_s:0.000   d_deg_s:0.000   pid_deg_s:0.000 speed_deg_s:0.000       u_deg_s:0.000   v_limit_deg_s:-1.000   dt_ms:10.001    kp:10.0000      ki:0.0000       kd:0.0000       t_s:4.600
target_deg:90.000       position_deg:90.176     error_deg:-0.176        p_deg_s:0.000   i_deg_s:0.000   d_deg_s:0.000   pid_deg_s:0.000 speed_deg_s:0.000       u_deg_s:0.000   v_limit_deg_s:-1.000   dt_ms:10.000    kp:10.0000      ki:0.0000       kd:0.0000       t_s:4.700
target_deg:90.000       position_deg:90.176     error_deg:-0.176        p_deg_s:0.000   i_deg_s:0.000   d_deg_s:0.000   pid_deg_s:0.000 speed_deg_s:0.000       u_deg_s:0.000   v_limit_deg_s:-1.000   dt_ms:10.001    kp:10.0000      ki:0.0000       kd:0.0000       t_s:4.800
xSTOP: user