target_deg:90.000       position_deg:87.539     error_deg:2.461 p_deg_s:7.383   i_deg_s:0.000   d_deg_s:0.000   pid_deg_s:7.383 speed_deg_s:9.618       u_deg_s:6.870   v_limit_deg_s:-1.000 dt_ms:10.000    kp:3.0000       ki:0.0000    kd:0.0000       t_s:3.100
target_deg:90.000       position_deg:88.242     error_deg:1.758 p_deg_s:5.273   i_deg_s:0.000   d_deg_s:0.000   pid_deg_s:5.273 speed_deg_s:4.122       u_deg_s:5.496   v_limit_deg_s:-1.000 dt_ms:10.000    kp:3.0000       ki:0.0000    kd:0.0000       t_s:3.200
target_deg:90.000       position_deg:88.682     error_deg:1.318 p_deg_s:3.955   i_deg_s:0.000   d_deg_s:0.000   pid_deg_s:3.955 speed_deg_s:4.122       u_deg_s:4.122   v_limit_deg_s:-1.000 dt_ms:10.000    kp:3.0000       ki:0.0000    kd:0.0000       t_s:3.300
target_deg:90.000       position_deg:89.033     error_deg:0.967 p_deg_s:2.900   i_deg_s:0.000   d_deg_s:0.000   pid_deg_s:2.900 speed_deg_s:1.374       u_deg_s:2.748   v_limit_deg_s:-1.000 dt_ms:10.000    kp:3.0000       ki:0.0000    kd:0.0000       t_s:3.400
target_deg:90.000       position_deg:89.297     error_deg:0.703 p_deg_s:2.109   i_deg_s:0.000   d_deg_s:0.000   pid_deg_s:2.109 speed_deg_s:4.122       u_deg_s:2.748   v_limit_deg_s:-1.000 dt_ms:10.000    kp:3.0000       ki:0.0000    kd:0.0000       t_s:3.500
target_deg:90.000       position_deg:89.473     error_deg:0.527 p_deg_s:1.582   i_deg_s:0.000   d_deg_s:0.000   pid_deg_s:1.582 speed_deg_s:0.000       u_deg_s:1.374   v_limit_deg_s:-1.000 dt_ms:10.000    kp:3.0000       ki:0.0000    kd:0.0000       t_s:3.600
target_deg:90.000       position_deg:89.561     error_deg:0.439 p_deg_s:1.318   i_deg_s:0.000   d_deg_s:0.000   pid_deg_s:1.318 speed_deg_s:0.000       u_deg_s:1.374   v_limit_deg_s:-1.000 dt_ms:10.001    kp:3.0000       ki:0.0000    kd:0.0000       t_s:3.700
target_deg:90.000       position_deg:89.736     error_deg:0.264 p_deg_s:0.791   i_deg_s:0.000   d_deg_s:0.000   pid_deg_s:0.791 speed_deg_s:1.374       u_deg_s:1.374   v_limit_deg_s:-1.000 dt_ms:10.000    kp:3.0000       ki:0.0000    kd:0.0000       t_s:3.800
target_deg:90.000       position_deg:89.824     error_deg:0.176 p_deg_s:0.000   i_deg_s:0.000   d_deg_s:0.000   pid_deg_s:0.000 speed_deg_s:0.000       u_deg_s:0.000   v_limit_deg_s:-1.000 dt_ms:10.000    kp:3.0000       ki:0.0000    kd:0.0000       t_s:3.900
target_deg:90.000       position_deg:89.824     error_deg:0.176 p_deg_s:0.000   i_deg_s:0.000   d_deg_s:0.000   pid_deg_s:0.000 speed_deg_s:0.000       u_deg_s:0.000   v_limit_deg_s:-1.000 dt_ms:10.000    kp:3.0000       ki:0.0000    kd:0.0000       t_s:4.000
target_deg:90.000       position_deg:89.912     error_deg:0.088 p_deg_s:0.000   i_deg_s:0.000   d_deg_s:0.000   pid_deg_s:0.000 speed_deg_s:0.000       u_deg_s:0.000   v_limit_deg_s:-1.000 dt_ms:10.000    kp:3.0000       ki:0.0000    kd:0.0000       t_s:4.100
target_deg:90.000       position_deg:89.824     error_deg:0.176 p_deg_s:0.000   i_deg_s:0.000   d_deg_s:0.000   pid_deg_s:0.000 speed_deg_s:0.000       u_deg_s:0.000   v_limit_deg_s:-1.000 dt_ms:10.001    kp:3.0000       ki:0.0000    kd:0.0000       t_s:4.200
target_deg:90.000       position_deg:89.824     error_deg:0.176 p_deg_s:0.000   i_deg_s:0.000   d_deg_s:0.000   pid_deg_s:0.000 speed_deg_s:0.000       u_deg_s:0.000   v_limit_deg_s:-1.000 dt_ms:10.001    kp:3.0000       ki:0.0000    kd:0.0000       t_s:4.300
target_deg:90.000       position_deg:89.912     error_deg:0.088 p_deg_s:0.000   i_deg_s:0.000   d_deg_s:0.000   pid_deg_s:0.000 speed_deg_s:0.000       u_deg_s:0.000   v_limit_deg_s:-1.000 dt_ms:10.000    kp:3.0000       ki:0.0000    kd:0.0000       t_s:4.400
target_deg:90.000       position_deg:89.824     error_deg:0.176 p_deg_s:0.000   i_deg_s:0.000   d_deg_s:0.000   pid_deg_s:0.000 speed_deg_s:0.000       u_deg_s:0.000   v_limit_deg_s:-1.000 dt_ms:10.001    kp:3.0000       ki:0.0000    kd:0.0000       t_s:4.500
target_deg:90.000       position_deg:89.824     error_deg:0.176 p_deg_s:0.000   i_deg_s:0.000   d_deg_s:0.000   pid_deg_s:0.000 speed_deg_s:0.000       u_deg_s:0.000   v_limit_deg_s:-1.000 dt_ms:10.000    kp:3.0000       ki:0.0000    kd:0.0000       t_s:4.600
target_deg:90.000       position_deg:89.824     error_deg:0.176 p_deg_s:0.000   i_deg_s:0.000   d_deg_s:0.000   pid_deg_s:0.000 speed_deg_s:0.000       u_deg_s:0.000   v_limit_deg_s:-1.000 dt_ms:10.000    kp:3.0000       ki:0.0000    kd:0.0000       t_s:4.700
target_deg:90.000       position_deg:89.824     error_deg:0.176 p_deg_s:0.000   i_deg_s:0.000   d_deg_s:0.000   pid_deg_s:0.000 speed_deg_s:0.000       u_deg_s:0.000   v_limit_deg_s:-1.000 dt_ms:10.000    kp:3.0000       ki:0.0000    kd:0.0000       t_s:4.800
target_deg:90.000       position_deg:89.824     error_deg:0.176 p_deg_s:0.000   i_deg_s:0.000   d_deg_s:0.000   pid_deg_s:0.000 speed_deg_s:0.000       u_deg_s:0.000   v_limit_deg_s:-1.000 dt_ms:10.000    kp:3.0000       ki:0.0000    kd:0.0000       t_s:4.900
target_deg:90.000       position_deg:89.824     error_deg:0.176 p_deg_s:0.000   i_deg_s:0.000   d_deg_s:0.000   pid_deg_s:0.000 speed_deg_s:0.000       u_deg_s:0.000   v_limit_deg_s:-1.000 dt_ms:10.000    kp:3.0000       ki:0.0000    kd:0.0000       t_s:5.000
target_deg:90.000       position_deg:89.824     error_deg:0.176 p_deg_s:0.000   i_deg_s:0.000   d_deg_s:0.000   pid_deg_s:0.000 speed_deg_s:0.000       u_deg_s:0.000   v_limit_deg_s:-1.000 dt_ms:10.000    kp:3.0000       ki:0.0000    kd:0.0000       t_s:5.100
target_deg:90.000       position_deg:89.824     error_deg:0.176 p_deg_s:0.000   i_deg_s:0.000   d_deg_s:0.000   pid_deg_s:0.000 speed_deg_s:0.000       u_deg_s:0.000   v_limit_deg_s:-1.000 dt_ms:10.000    kp:3.0000       ki:0.0000    kd:0.0000       t_s:5.200
xSTOP: user
␛[C␛[C␛[C␛[C␛[C
--- exit ---

목표를 12도에서 90도로 변경한후 측정값을 확인하고 x로 정지한후 ctrl+]를 눌러 종료하였다.